\BOOKMARK [0][-]{chapter.1}{\376\377\000I\000n\000t\000r\000o\000d\000u\000c\000t\000i\000o\000n}{}% 1
\BOOKMARK [1][-]{section.1.1}{\376\377\000C\000o\000n\000t\000e\000x\000t\000\040\000a\000n\000d\000\040\000M\000o\000t\000i\000v\000a\000t\000i\000o\000n}{chapter.1}% 2
\BOOKMARK [1][-]{section.1.2}{\376\377\000P\000r\000o\000b\000l\000e\000m\000\040\000S\000t\000a\000t\000e\000m\000e\000n\000t}{chapter.1}% 3
\BOOKMARK [1][-]{section.1.3}{\376\377\000P\000r\000o\000p\000o\000s\000e\000d\000\040\000S\000o\000l\000u\000t\000i\000o\000n}{chapter.1}% 4
\BOOKMARK [1][-]{section.1.4}{\376\377\000r\000e\000p\000o\000r\000t\000\040\000O\000u\000t\000l\000i\000n\000e}{chapter.1}% 5
\BOOKMARK [0][-]{chapter.2}{\376\377\000B\000a\000c\000k\000g\000r\000o\000u\000n\000d\000\040\000a\000n\000d\000\040\000S\000t\000a\000t\000e\000\040\000o\000f\000\040\000t\000h\000e\000\040\000A\000r\000t}{}% 6
\BOOKMARK [1][-]{section.2.1}{\376\377\000E\000v\000o\000l\000u\000t\000i\000o\000n\000\040\000o\000f\000\040\000N\000a\000t\000u\000r\000a\000l\000\040\000L\000a\000n\000g\000u\000a\000g\000e\000\040\000P\000r\000o\000c\000e\000s\000s\000i\000n\000g}{chapter.2}% 7
\BOOKMARK [1][-]{section.2.2}{\376\377\000T\000h\000e\000\040\000T\000r\000a\000n\000s\000f\000o\000r\000m\000e\000r\000\040\000A\000r\000c\000h\000i\000t\000e\000c\000t\000u\000r\000e}{chapter.2}% 8
\BOOKMARK [2][-]{subsection.2.2.1}{\376\377\000S\000e\000l\000f\000-\000A\000t\000t\000e\000n\000t\000i\000o\000n\000\040\000M\000e\000c\000h\000a\000n\000i\000s\000m}{section.2.2}% 9
\BOOKMARK [2][-]{subsection.2.2.2}{\376\377\000M\000u\000l\000t\000i\000-\000H\000e\000a\000d\000\040\000A\000t\000t\000e\000n\000t\000i\000o\000n}{section.2.2}% 10
\BOOKMARK [2][-]{subsection.2.2.3}{\376\377\000P\000o\000s\000i\000t\000i\000o\000n\000-\000w\000i\000s\000e\000\040\000F\000e\000e\000d\000-\000F\000o\000r\000w\000a\000r\000d\000\040\000N\000e\000t\000w\000o\000r\000k\000s}{section.2.2}% 11
\BOOKMARK [1][-]{section.2.3}{\376\377\000M\000o\000d\000e\000l\000\040\000C\000o\000m\000p\000r\000e\000s\000s\000i\000o\000n\000\040\000a\000n\000d\000\040\000D\000i\000s\000t\000i\000l\000B\000E\000R\000T}{chapter.2}% 12
\BOOKMARK [2][-]{subsection.2.3.1}{\376\377\000K\000n\000o\000w\000l\000e\000d\000g\000e\000\040\000D\000i\000s\000t\000i\000l\000l\000a\000t\000i\000o\000n}{section.2.3}% 13
\BOOKMARK [1][-]{section.2.4}{\376\377\000T\000h\000e\000\040\000E\000v\000o\000l\000u\000t\000i\000o\000n\000\040\000o\000f\000\040\000C\000o\000m\000p\000i\000l\000e\000r\000s}{chapter.2}% 14
\BOOKMARK [2][-]{subsection.2.4.1}{\376\377\000T\000h\000e\000\040\000T\000h\000r\000e\000e\000-\000P\000h\000a\000s\000e\000\040\000C\000o\000m\000p\000i\000l\000e\000r\000\040\000D\000e\000s\000i\000g\000n}{section.2.4}% 15
\BOOKMARK [2][-]{subsection.2.4.2}{\376\377\000L\000L\000V\000M\000\040\000I\000R\000\040\000a\000n\000d\000\040\000i\000t\000s\000\040\000L\000i\000m\000i\000t\000a\000t\000i\000o\000n\000s\000\040\000f\000o\000r\000\040\000M\000a\000c\000h\000i\000n\000e\000\040\000L\000e\000a\000r\000n\000i\000n\000g}{section.2.4}% 16
\BOOKMARK [1][-]{section.2.5}{\376\377\000T\000h\000e\000\040\000M\000L\000I\000R\000\040\000F\000r\000a\000m\000e\000w\000o\000r\000k}{chapter.2}% 17
\BOOKMARK [2][-]{subsection.2.5.1}{\376\377\000T\000h\000e\000\040\000C\000o\000n\000c\000e\000p\000t\000\040\000o\000f\000\040\000D\000i\000a\000l\000e\000c\000t\000s}{section.2.5}% 18
\BOOKMARK [1][-]{section.2.6}{\376\377\000T\000h\000e\000\040\000M\000a\000t\000h\000e\000m\000a\000t\000i\000c\000s\000\040\000o\000f\000\040\000Q\000u\000a\000n\000t\000i\000z\000a\000t\000i\000o\000n}{chapter.2}% 19
\BOOKMARK [2][-]{subsection.2.6.1}{\376\377\000A\000f\000f\000i\000n\000e\000\040\000Q\000u\000a\000n\000t\000i\000z\000a\000t\000i\000o\000n\000\040\000M\000a\000p\000p\000i\000n\000g}{section.2.6}% 20
\BOOKMARK [2][-]{subsection.2.6.2}{\376\377\000S\000y\000m\000m\000e\000t\000r\000i\000c\000\040\000Q\000u\000a\000n\000t\000i\000z\000a\000t\000i\000o\000n}{section.2.6}% 21
\BOOKMARK [1][-]{section.2.7}{\376\377\000H\000a\000r\000d\000w\000a\000r\000e\000\040\000A\000r\000c\000h\000i\000t\000e\000c\000t\000u\000r\000e\000:\000\040\000A\000R\000M\000\040\000C\000o\000r\000t\000e\000x\000-\000A\0007\0002}{chapter.2}% 22
\BOOKMARK [2][-]{subsection.2.7.1}{\376\377\000T\000h\000e\000\040\000M\000e\000m\000o\000r\000y\000\040\000H\000i\000e\000r\000a\000r\000c\000h\000y\000\040\000a\000n\000d\000\040\000C\000a\000c\000h\000e\000\040\000T\000h\000r\000a\000s\000h\000i\000n\000g}{section.2.7}% 23
\BOOKMARK [2][-]{subsection.2.7.2}{\376\377\000A\000d\000v\000a\000n\000c\000e\000d\000\040\000S\000I\000M\000D\000\040\000\050\000N\000E\000O\000N\000\051}{section.2.7}% 24
\BOOKMARK [0][-]{chapter.3}{\376\377\000T\000h\000e\000\040\000d\000b\000e\000r\000t\000\040\000M\000L\000I\000R\000\040\000D\000i\000a\000l\000e\000c\000t}{}% 25
\BOOKMARK [1][-]{section.3.1}{\376\377\000D\000e\000s\000i\000g\000n\000\040\000R\000a\000t\000i\000o\000n\000a\000l\000e}{chapter.3}% 26
\BOOKMARK [1][-]{section.3.2}{\376\377\000O\000p\000e\000r\000a\000t\000i\000o\000n\000\040\000D\000e\000f\000i\000n\000i\000t\000i\000o\000n\000\040\000v\000i\000a\000\040\000T\000a\000b\000l\000e\000G\000e\000n}{chapter.3}% 27
\BOOKMARK [1][-]{section.3.3}{\376\377\000T\000y\000p\000e\000\040\000a\000n\000d\000\040\000S\000h\000a\000p\000e\000\040\000V\000e\000r\000i\000f\000i\000c\000a\000t\000i\000o\000n}{chapter.3}% 28
\BOOKMARK [1][-]{section.3.4}{\376\377\000F\000r\000o\000n\000t\000e\000n\000d\000\040\000I\000n\000g\000e\000s\000t\000i\000o\000n\000\040\000v\000i\000a\000\040\000P\000y\000T\000o\000r\000c\000h\000\040\000F\000X}{chapter.3}% 29
\BOOKMARK [0][-]{chapter.4}{\376\377\000G\000r\000a\000p\000h\000-\000L\000e\000v\000e\000l\000\040\000O\000p\000t\000i\000m\000i\000z\000a\000t\000i\000o\000n\000s}{}% 30
\BOOKMARK [1][-]{section.4.1}{\376\377\000T\000h\000e\000\040\000I\000m\000p\000e\000r\000a\000t\000i\000v\000e\000\040\000o\000f\000\040\000G\000r\000a\000p\000h\000\040\000A\000n\000a\000l\000y\000s\000i\000s}{chapter.4}% 31
\BOOKMARK [1][-]{section.4.2}{\376\377\000A\000t\000t\000e\000n\000t\000i\000o\000n\000\040\000F\000u\000s\000i\000o\000n\000\040\000u\000s\000i\000n\000g\000\040\000D\000e\000c\000l\000a\000r\000a\000t\000i\000v\000e\000\040\000R\000e\000w\000r\000i\000t\000e\000\040\000R\000u\000l\000e\000s\000\040\000\050\000D\000R\000R\000\051}{chapter.4}% 32
\BOOKMARK [2][-]{subsection.4.2.1}{\376\377\000K\000e\000r\000n\000e\000l\000\040\000F\000u\000s\000i\000o\000n}{section.4.2}% 33
\BOOKMARK [2][-]{subsection.4.2.2}{\376\377\000I\000m\000p\000l\000e\000m\000e\000n\000t\000i\000n\000g\000\040\000F\000u\000s\000i\000o\000n\000\040\000v\000i\000a\000\040\000D\000R\000R}{section.4.2}% 34
\BOOKMARK [1][-]{section.4.3}{\376\377\000P\000o\000s\000t\000-\000T\000r\000a\000i\000n\000i\000n\000g\000\040\000S\000t\000a\000t\000i\000c\000\040\000Q\000u\000a\000n\000t\000i\000z\000a\000t\000i\000o\000n\000\040\000\050\000P\000T\000Q\000\051}{chapter.4}% 35
\BOOKMARK [2][-]{subsection.4.3.1}{\376\377\000D\000y\000n\000a\000m\000i\000c\000\040\000v\000s\000.\000\040\000S\000t\000a\000t\000i\000c\000\040\000Q\000u\000a\000n\000t\000i\000z\000a\000t\000i\000o\000n}{section.4.3}% 36
\BOOKMARK [2][-]{subsection.4.3.2}{\376\377\000C\000a\000l\000i\000b\000r\000a\000t\000i\000o\000n\000\040\000A\000t\000t\000r\000i\000b\000u\000t\000e\000\040\000P\000a\000r\000s\000i\000n\000g}{section.4.3}% 37
\BOOKMARK [2][-]{subsection.4.3.3}{\376\377\000S\000c\000a\000l\000e\000\040\000D\000e\000r\000i\000v\000a\000t\000i\000o\000n\000\040\000a\000n\000d\000\040\000G\000r\000a\000p\000h\000\040\000M\000u\000t\000a\000t\000i\000o\000n}{section.4.3}% 38
\BOOKMARK [0][-]{chapter.5}{\376\377\000L\000o\000w\000e\000r\000i\000n\000g\000\040\000a\000n\000d\000\040\000C\000o\000d\000e\000\040\000G\000e\000n\000e\000r\000a\000t\000i\000o\000n}{}% 39
\BOOKMARK [1][-]{section.5.1}{\376\377\000T\000h\000e\000\040\000P\000h\000i\000l\000o\000s\000o\000p\000h\000y\000\040\000o\000f\000\040\000P\000r\000o\000g\000r\000e\000s\000s\000i\000v\000e\000\040\000L\000o\000w\000e\000r\000i\000n\000g}{chapter.5}% 40
\BOOKMARK [1][-]{section.5.2}{\376\377\000T\000r\000a\000n\000s\000l\000a\000t\000i\000n\000g\000\040\000D\000o\000m\000a\000i\000n\000\040\000S\000p\000e\000c\000i\000f\000i\000c\000s\000\040\000t\000o\000\040\000L\000i\000n\000a\000l\000g}{chapter.5}% 41
\BOOKMARK [2][-]{subsection.5.2.1}{\376\377\000D\000e\000s\000t\000i\000n\000a\000t\000i\000o\000n\000-\000P\000a\000s\000s\000i\000n\000g\000\040\000S\000t\000y\000l\000e\000\040\000\050\000D\000P\000S\000\051}{section.5.2}% 42
\BOOKMARK [1][-]{section.5.3}{\376\377\000C\000a\000c\000h\000e\000-\000A\000w\000a\000r\000e\000\040\000L\000o\000o\000p\000\040\000T\000i\000l\000i\000n\000g}{chapter.5}% 43
\BOOKMARK [2][-]{subsection.5.3.1}{\376\377\000T\000h\000e\000\040\000C\000a\000c\000h\000e\000\040\000T\000h\000r\000a\000s\000h\000i\000n\000g\000\040\000D\000i\000l\000e\000m\000m\000a}{section.5.3}% 44
\BOOKMARK [2][-]{subsection.5.3.2}{\376\377\000L\000i\000n\000a\000l\000g\000\040\000T\000i\000l\000i\000n\000g\000\040\000I\000m\000p\000l\000e\000m\000e\000n\000t\000a\000t\000i\000o\000n}{section.5.3}% 45
\BOOKMARK [1][-]{section.5.4}{\376\377\000A\000R\000M\000\040\000N\000E\000O\000N\000\040\000V\000e\000c\000t\000o\000r\000i\000z\000a\000t\000i\000o\000n\000\040\000a\000n\000d\000\040\000B\000u\000f\000f\000e\000r\000i\000z\000a\000t\000i\000o\000n}{chapter.5}% 46
\BOOKMARK [2][-]{subsection.5.4.1}{\376\377\000V\000e\000c\000t\000o\000r\000i\000z\000a\000t\000i\000o\000n\000\040\000v\000i\000a\000\040\000S\000I\000M\000D}{section.5.4}% 47
\BOOKMARK [2][-]{subsection.5.4.2}{\376\377\000B\000u\000f\000f\000e\000r\000i\000z\000a\000t\000i\000o\000n\000:\000\040\000F\000r\000o\000m\000\040\000M\000a\000t\000h\000\040\000t\000o\000\040\000M\000e\000m\000o\000r\000y}{section.5.4}% 48
\BOOKMARK [1][-]{section.5.5}{\376\377\000L\000L\000V\000M\000\040\000I\000R\000\040\000T\000r\000a\000n\000s\000l\000a\000t\000i\000o\000n\000\040\000a\000n\000d\000\040\000O\000b\000j\000e\000c\000t\000\040\000E\000m\000i\000s\000s\000i\000o\000n}{chapter.5}% 49
\BOOKMARK [2][-]{subsection.5.5.1}{\376\377\000T\000h\000e\000\040\000L\000L\000V\000M\000\040\000T\000r\000a\000n\000s\000l\000a\000t\000i\000o\000n\000\040\000I\000n\000t\000e\000r\000f\000a\000c\000e}{section.5.5}% 50
\BOOKMARK [2][-]{subsection.5.5.2}{\376\377\000T\000a\000r\000g\000e\000t\000M\000a\000c\000h\000i\000n\000e\000\040\000A\000P\000I\000\040\000a\000n\000d\000\040\000B\000a\000r\000e\000-\000M\000e\000t\000a\000l\000\040\000C\000o\000d\000e\000G\000e\000n}{section.5.5}% 51
\BOOKMARK [0][-]{chapter.6}{\376\377\000E\000v\000a\000l\000u\000a\000t\000i\000o\000n\000\040\000a\000n\000d\000\040\000B\000e\000n\000c\000h\000m\000a\000r\000k\000i\000n\000g}{}% 52
\BOOKMARK [1][-]{section.6.1}{\376\377\000E\000x\000p\000e\000r\000i\000m\000e\000n\000t\000a\000l\000\040\000S\000e\000t\000u\000p}{chapter.6}% 53
\BOOKMARK [2][-]{subsection.6.1.1}{\376\377\000T\000a\000r\000g\000e\000t\000\040\000H\000a\000r\000d\000w\000a\000r\000e}{section.6.1}% 54
\BOOKMARK [2][-]{subsection.6.1.2}{\376\377\000S\000o\000f\000t\000w\000a\000r\000e\000\040\000B\000a\000s\000e\000l\000i\000n\000e}{section.6.1}% 55
\BOOKMARK [1][-]{section.6.2}{\376\377\000P\000r\000o\000f\000i\000l\000i\000n\000g\000\040\000M\000e\000t\000h\000o\000d\000o\000l\000o\000g\000y}{chapter.6}% 56
\BOOKMARK [1][-]{section.6.3}{\376\377\000E\000m\000p\000i\000r\000i\000c\000a\000l\000\040\000R\000e\000s\000u\000l\000t\000s}{chapter.6}% 57
\BOOKMARK [2][-]{subsection.6.3.1}{\376\377\000L\000a\000t\000e\000n\000c\000y\000\040\000A\000n\000a\000l\000y\000s\000i\000s}{section.6.3}% 58
\BOOKMARK [2][-]{subsection.6.3.2}{\376\377\000M\000e\000m\000o\000r\000y\000\040\000F\000o\000o\000t\000p\000r\000i\000n\000t\000\040\000A\000n\000a\000l\000y\000s\000i\000s}{section.6.3}% 59
\BOOKMARK [1][-]{section.6.4}{\376\377\000S\000y\000s\000t\000e\000m\000\040\000C\000o\000n\000s\000t\000r\000a\000i\000n\000t\000s\000\040\000a\000n\000d\000\040\000L\000i\000m\000i\000t\000a\000t\000i\000o\000n\000s}{chapter.6}% 60
\BOOKMARK [0][-]{chapter.7}{\376\377\000C\000o\000n\000c\000l\000u\000s\000i\000o\000n}{}% 61
\BOOKMARK [1][-]{section.7.1}{\376\377\000S\000u\000m\000m\000a\000r\000y\000\040\000o\000f\000\040\000C\000o\000n\000t\000r\000i\000b\000u\000t\000i\000o\000n\000s}{chapter.7}% 62
\BOOKMARK [1][-]{section.7.2}{\376\377\000F\000u\000t\000u\000r\000e\000\040\000W\000o\000r\000k}{chapter.7}% 63
